// Jest Snapshot v1, https://goo.gl/fbAQLP

exports[`should take a snapshot 1`] = `
<DocumentFragment>
  <div>
    <header>
      <div
        class="headerSection"
      >
        <div
          class="headerLeftSection"
        >
          <label>
            Insta
          </label>
          <label>
            Facebook
          </label>
          <label>
            Whatsapp
          </label>
          <label>
            Twitter
          </label>
        </div>
        <div>
          <label>
            Login
          </label>
        </div>
      </div>
    </header>
    <div>
      <div
        class="displayFlexColumn kingHeader"
      >
        <h1>
          King BLOGLIFE
        </h1>
        <h4>
          Welcome to the blog of janes world.
        </h4>
      </div>
      <div
        class="divRelative"
      >
        <img
          alt="jane"
          src="jane.jpg"
        />
        <div
          class="divAbsolute"
        >
          <h3
            style="margin-bottom: 1rem;"
          >
            King's 
          </h3>
          <h2>
            Fashion Blog
          </h2>
          <button>
            Subscribe
          </button>
        </div>
      </div>
      <div
        class="displayFlexMediaQuery subSectionDesign"
      >
        <div
          class="displayTitleBox"
        >
          <div
            class="displayFlexColumn justContentAndAlignCenter"
          >
            <h6>
              Title Heading
            </h6>
            <h7>
              Title Description,May 2,2016.
            </h7>
          </div>
          <img
            alt="hat"
            src="girl_hat.jpg"
          />
          <p>
            More Hats! I am crazy about hats these days. Some text about this blog entry. Fashion fashion and mauris neque quam, fermentum ut nisl vitae, convallis maximus nisl. Sed mattis this blog entry. Fashion fashion and mauris neque quam, fermentum ut nisl vitae, convallis maximus nisl. Sed mattis
          </p>
          <p>
            More Hats! I am crazy about hats these days. Some text about this blog entry. Fashion fashion and mauris neque quam, fermentum ut nisl vitae, convallis maximus nisl. Sed mattis this blog entry. Fashion fashion and mauris neque quam, fermentum ut nisl vitae, convallis maximus nisl. Sed mattis
          </p>
        </div>
        <div
          class="displayFlexWith3columns "
        >
          <div
            class="displayFlexColumn"
          >
            <img
              alt="hat"
              src="avatar_girl2.jpg"
            />
            <div
              class="titleName"
            >
              <h5>
                My Name
              </h5>
              <h5>
                Just me, myself and I, exploring the universe of uknownment. I have a heart of love and a interest of lorem ipsum and mauris neque quam blog. I want to share my world with you.
              </h5>
            </div>
          </div>
          <div
            class="displayFlexColumn"
            style="padding-top: 1rem; margin: 0px; width: 100%;"
          >
            <div
              class="titleName"
            >
              <h5>
                My Popular post
              </h5>
            </div>
            <div
              class="displayFlex"
              style="padding: 5px;"
            >
              <div
                class="image"
              >
                <img
                  alt="avatar"
                  height="70"
                  src="avatar_smoke.jpg"
                  width="70"
                />
              </div>
              <div
                class="displayFlexColumn"
                style="margin-left: 1em; justify-content: space-evenly;"
              >
                <h5
                  style="margin: 0px;"
                >
                  Denim
                </h5>
                <h5
                  style="margin: 0px;"
                >
                  Sed mattis nunc
                </h5>
              </div>
            </div>
            <hr
              class="solid"
            />
            <div
              class="displayFlex"
              style="padding: 5px;"
            >
              <div
                class="image"
              >
                <img
                  alt="avatar"
                  height="70"
                  src="avatar_smoke.jpg"
                  width="70"
                />
              </div>
              <div
                class="displayFlexColumn"
                style="margin-left: 1em; justify-content: space-evenly;"
              >
                <h5
                  style="margin: 0px;"
                >
                  Denim
                </h5>
                <h5
                  style="margin: 0px;"
                >
                  Sed mattis nunc
                </h5>
              </div>
            </div>
            <hr
              class="solid"
            />
            <div
              class="displayFlex"
              style="padding: 5px;"
            >
              <div
                class="image"
              >
                <img
                  alt="avatar"
                  height="70"
                  src="avatar_smoke.jpg"
                  width="70"
                />
              </div>
              <div
                class="displayFlexColumn"
                style="margin-left: 1em; justify-content: space-evenly;"
              >
                <h5
                  style="margin: 0px;"
                >
                  Denim
                </h5>
                <h5
                  style="margin: 0px;"
                >
                  Sed mattis nunc
                </h5>
              </div>
            </div>
            <hr
              class="solid"
            />
          </div>
          <div
            class="displayFlexColumn"
            style="padding-top: 1rem; margin: 0px; width: 100%; height: 100%;"
          >
            <div
              class="titleName"
            >
              <h5>
                My Popular post
              </h5>
            </div>
            <div
              class="box"
              style="height: 100%; width: auto; background-color: grey; border: 15px solid #f1f1f1; padding: 30%; margin: 0px;"
            >
              <label
                style="display: flex; justify-content: center;"
              >
                Your ad here.
              </label>
            </div>
          </div>
        </div>
      </div>
    </div>
  </div>
</DocumentFragment>
`;
